Dump of file data/espui.dll

File Header
  Machine:                      014C
  Number of Sections:           0005

  TimeDateStamp:                52158DB0 (2013-08-22 06:04:00)
  PointerToSymbolTable:         00000000
  NumberOfSymbols:              00000000
  SizeOfOptionalHeader:         00E0
  Characteristics:              2102

Optional Header
  Magic                         010B
  linker version                11.0
  size of code                  1A00
  size of initialized data      00001600
  size of uninitialized data    00000000
  entrypoint RVA                00001B89
  base of code                  00001000
  base of data                  00003000

  image base                    0000000010000000
  section align                 00001000
  file align                    00000200
  required OS version           6.3
  image version                 6.3
  subsystem version             5.1
  Win32 Version                 0
  size of image                 00007000
  size of headers               00000400
  checksum                      0001469D
  Subsystem                     0002
  DLL flags                     0140
  stack reserve size            0000000000040000
  stack commit size             0000000000001000
  heap reserve size             0000000000100000
  heap commit size              0000000000001000
  RVAs & sizes                  00000010

Data Directory
  EXPORT_TABLE            rva: 00002740  size: 00000169
  IMPORT_TABLE            rva: 000040A8  size: 00000064
  RESOURCE_TABLE          rva: 00005000  size: 000005D0
  EXCEPTION_TABLE         rva: 00000000  size: 00000000
  CERTIFICATE_TABLE       rva: 00003200  size: 00003C68
  BASE_RELOCATION_TABLE   rva: 00006000  size: 000001BC
  DEBUG                   rva: 00001020  size: 0000001C
  ARCHITECTURE            rva: 00000000  size: 00000000
  GLOBAL_PTR              rva: 00000000  size: 00000000
  TLS_TABLE               rva: 00000000  size: 00000000
  LOAD_CONFIG_TABLE       rva: 000011E0  size: 00000040
  BOUND_IMPORT            rva: 00000000  size: 00000000
  IAT                     rva: 00004000  size: 000000A8
  DELAY_IMPORT_DESCRIPTOR rva: 00000000  size: 00000000
  COMPLUS_RUNTIME_HEADER  rva: 00000000  size: 00000000
  RESERVED                rva: 00000000  size: 00000000

Section Table
  000 .text     VirtSize: 000018A9  VirtAddr:  00001000
    raw data offs:   00000400  raw data size: 00001A00
    relocation offs: 00000000  relocations:   00000000
    line # offs:     00000000  line #'s:      00000000
    characteristics: 60000020
      CODE EXECUTE READ

  001 .data     VirtSize: 00000394  VirtAddr:  00003000
    raw data offs:   00001E00  raw data size: 00000200
    relocation offs: 00000000  relocations:   00000000
    line # offs:     00000000  line #'s:      00000000
    characteristics: C0000040
      INITIALIZED_DATA READ WRITE

  002 .idata    VirtSize: 0000044C  VirtAddr:  00004000
    raw data offs:   00002000  raw data size: 00000600
    relocation offs: 00000000  relocations:   00000000
    line # offs:     00000000  line #'s:      00000000
    characteristics: 40000040
      INITIALIZED_DATA READ

  003 .rsrc     VirtSize: 000005D0  VirtAddr:  00005000
    raw data offs:   00002600  raw data size: 00000600
    relocation offs: 00000000  relocations:   00000000
    line # offs:     00000000  line #'s:      00000000
    characteristics: 40000040
      INITIALIZED_DATA READ

  004 .reloc    VirtSize: 00000574  VirtAddr:  00006000
    raw data offs:   00002C00  raw data size: 00000600
    relocation offs: 00000000  relocations:   00000000
    line # offs:     00000000  line #'s:      00000000
    characteristics: 42000040
      INITIALIZED_DATA DISCARDABLE READ


