Dump of file data/ti_c2000_1.out

File Header
  Target ID:                      009D
  Number of Sections:           000D

  TimeDateStamp:                5ED13D9D (2020-05-29 18:51:41)
  PointerToSymbolTable:         000017BF
  NumberOfSymbols:              00000066
  SizeOfOptionalHeader:         001C
  Characteristics:              1113

Optional Header
  Magic                         0108
  linker version                18001
  size of code                  0000
  size of initialized data      00000000
  size of uninitialized data    00000000
  entrypoint RVA                00000000
  base of code                  00000040
  base of data                  00000040

Section Table
  000 $build.attributes PhysAddr: 00000000  VirtAddr:  00000000(page 0)
    raw data offs:   000002A2  raw data size: 00000027
    relocation offs: 00000000  relocations:   00000000
    characteristics: 00000010
      COPY

  001 .text     PhysAddr: 00000040  VirtAddr:  00000040(page 0)
    raw data offs:   00000000  raw data size: 00000000
    relocation offs: 00000000  relocations:   00000000
    characteristics: 00000080
      BSS

  002 .data     PhysAddr: 00000040  VirtAddr:  00000040(page 0)
    raw data offs:   00000000  raw data size: 00000000
    relocation offs: 00000000  relocations:   00000000
    characteristics: 00000080
      BSS

  003 .bss      PhysAddr: 00000000  VirtAddr:  00000000(page 1)
    raw data offs:   00000000  raw data size: 00000000
    relocation offs: 00000000  relocations:   00000000
    characteristics: 00000080
      BSS

  004 .ppdata   PhysAddr: 00000000  VirtAddr:  00000000(page 0)
    raw data offs:   000002C9  raw data size: 00000000
    relocation offs: 00000000  relocations:   00000000
    characteristics: 00000010
      COPY

  005 .debug_info PhysAddr: 00000000  VirtAddr:  00000000(page 0)
    raw data offs:   000002C9  raw data size: 00000A5B
    relocation offs: 00000000  relocations:   00000000
    characteristics: 00000010
      COPY

  006 .cinit    PhysAddr: 000003AA  VirtAddr:  000003AA(page 0)
    raw data offs:   00000D24  raw data size: 00000014
    relocation offs: 00000000  relocations:   00000000
    characteristics: 00000040
      DATA

  007 .econst   PhysAddr: 00000040  VirtAddr:  00000040(page 0)
    raw data offs:   00000D38  raw data size: 000006D4
    relocation offs: 00000000  relocations:   00000000
    characteristics: 00000140
      DATA STYP_ALIGN_2

  008 .ebss     PhysAddr: 00000000  VirtAddr:  00000000(page 1)
    raw data offs:   00000000  raw data size: 00000408
    relocation offs: 00000000  relocations:   00000000
    characteristics: 00000180
      BSS STYP_ALIGN_2

  009 .debug_line PhysAddr: 00000000  VirtAddr:  00000000(page 0)
    raw data offs:   0000140C  raw data size: 00000030
    relocation offs: 00000000  relocations:   00000000
    characteristics: 00000010
      COPY

  00A .debug_abbrev PhysAddr: 00000000  VirtAddr:  00000000(page 0)
    raw data offs:   0000143C  raw data size: 000000D7
    relocation offs: 00000000  relocations:   00000000
    characteristics: 00000010
      COPY

  00B .debug_pubnames PhysAddr: 00000000  VirtAddr:  00000000(page 0)
    raw data offs:   00001513  raw data size: 0000018D
    relocation offs: 00000000  relocations:   00000000
    characteristics: 00000010
      COPY

  00C .debug_pubtypes PhysAddr: 00000000  VirtAddr:  00000000(page 0)
    raw data offs:   000016A0  raw data size: 0000011F
    relocation offs: 00000000  relocations:   00000000
    characteristics: 00000010
      COPY


Symbol Table
  #    Value    Type Class Name
  0000 00000040 0000 03    .text
  AUX  00 00 00 00 00 00 00 00 00 00 00 00 00 00 00 00 00 00
  0002 00000040 0000 03    .data
  AUX  00 00 00 00 00 00 00 00 00 00 00 00 00 00 00 00 00 00
  0004 00000000 0000 03    .bss
  AUX  00 00 00 00 00 00 00 00 00 00 00 00 00 00 00 00 00 00
  0006 00000000 0000 03    .ppdata
  AUX  00 00 00 00 00 00 00 00 00 00 00 00 00 00 00 00 00 00
  0008 00000000 0000 03    .debug_info
  AUX  5B 0A 00 00 00 00 00 00 00 00 00 00 00 00 00 00 00 00
  000A 000003AA 0000 03    .cinit
  AUX  0A 00 00 00 00 00 00 00 00 00 00 00 00 00 00 00 00 00
  000C 00000040 0000 03    .econst
  AUX  6A 03 00 00 00 00 00 00 00 00 00 00 00 00 00 00 00 00
  000E 00000000 0000 03    .ebss
  AUX  04 02 00 00 00 00 00 00 00 00 00 00 00 00 00 00 00 00
  0010 00000000 0000 03    .debug_line
  AUX  30 00 00 00 00 00 00 00 00 00 00 00 00 00 00 00 00 00
  0012 00000000 0000 67    {7B59F295-3030-4813-8466-600627BDA2FC}
  0013 00000040 0004 06    $C$FSL1
  0014 00000048 0004 06    $C$FSL2
  0015 000003AA 0000 03    .cinit
  AUX  0A 00 00 00 04 00 00 00 00 00 00 00 00 00 00 00 00 00
  0017 00000398 0000 03    .econst
  AUX  12 00 00 00 00 00 00 00 00 00 00 00 00 00 00 00 00 00
  0019 00000000 0000 03    .ebss
  AUX  04 02 00 00 00 00 00 00 00 00 00 00 00 00 00 00 00 00
  001B 00000040 0000 03    .econst:.string
  AUX  57 03 00 00 00 00 00 00 00 00 00 00 00 00 00 00 00 00
  001D 00000000 0000 03    .debug_line
  AUX  50 00 00 00 04 00 00 00 00 00 00 00 00 00 00 00 00 00
  001F 00000000 0000 03    .debug_info
  AUX  3C 0B 00 00 3E 01 00 00 00 00 00 00 00 00 00 00 00 00
  0021 00000000 0000 03    .debug_pubnames
  AUX  8D 01 00 00 00 00 00 00 00 00 00 00 00 00 00 00 00 00
  0023 00000000 0000 03    .debug_pubtypes
  AUX  1F 01 00 00 00 00 00 00 00 00 00 00 00 00 00 00 00 00
  0025 000003AA 0000 02    cinit
  0026 000003AA 0000 02    ___cinit__
  0027 FFFFFFFF 0000 02    pinit
  0028 FFFFFFFF 0000 02    ___pinit__
  0029 FFFFFFFF 0000 02    binit
  002A FFFFFFFF 0000 02    ___binit__
  002B FFFFFFFF 0000 02    ___c_args__
  002C 00000040 0000 02    .text
  002D 00000040 0000 02    ___text__
  002E 00000040 0000 02    etext
  002F 00000040 0000 02    ___etext__
  0030 00000040 0000 02    .data
  0031 00000040 0000 02    ___data__
  0032 00000040 0000 02    edata
  0033 00000040 0000 02    ___edata__
  0034 00000000 0000 02    .bss
  0035 00000000 0000 02    ___bss__
  0036 00000000 0000 02    end
  0037 00000000 0000 02    ___end__
  0038 FFFFFFFF 0000 02    ___TI_pprof_out_hndl
  0039 FFFFFFFF 0000 02    ___TI_prof_data_start
  003A FFFFFFFF 0000 02    ___TI_prof_data_size
  003B 0000001A 0004 02    _j09
  003C 00000014 0004 02    _j04
  003D 00000007 0004 02    _j03
  003E 00000009 0004 02    _j02
  003F 0000000A 0004 02    _j01
  0040 00000399 0004 02    _c_u01
  0041 00000398 0004 02    _c_u03
  0042 0000039A 0004 02    _c_u02
  0043 000003A2 0004 02    _c_u04
  0044 00000018 0004 02    _info
  0045 00000140 0004 02    _i09
  0046 000000C0 0004 02    _i08
  0047 0000002C 0004 02    _i07
  0048 00000040 0004 02    _i06
  0049 00000091 0004 02    _i05
  004A 00000016 0004 02    _i04
  004B 00000002 0004 02    _i03
  004C 00000005 0004 02    _i02
  004D 00000004 0004 02    _i01
  004E 00000008 0004 02    _e02
  004F 00000001 0004 02    _e01
  0050 0000039B 0004 02    _c_i01
  0051 0000039C 0004 02    _c_i03
  0052 0000039D 0004 02    _c_i02
  0053 000003A4 0004 02    _c_i04
  0054 00000026 0004 02    _s02
  0055 00000022 0004 02    _s01
  0056 0000001E 0004 02    _h03
  0057 00000012 0004 02    _h02
  0058 0000000C 0004 02    _h01
  0059 00000010 0004 02    _str
  005A 000003A6 0004 02    _g03
  005B 0000039E 0004 02    _g02
  005C 000003A0 0004 02    _g01
  005D 000001C0 0004 02    _u09
  005E 00000100 0004 02    _u08
  005F 00000062 0004 02    _u07
  0060 00000051 0004 02    _u06
  0061 00000080 0004 02    _u05
  0062 0000000E 0004 02    _u04
  0063 00000000 0004 02    _u03
  0064 00000006 0004 02    _u02
  0065 00000003 0004 02    _u01

